Microchip MPLAB XC8 Compiler V2.45

Linker command line:

-W-3 \
  --edf=C:\Program Files\Microchip\xc8\v2.45\pic\dat\20230818022343_en.msgs \
  -cn -h+dist/default/debug\final_project.X.debug.sym \
  --cmf=dist/default/debug\final_project.X.debug.cmf -z -Q18F4520 \
  -oC:\Users\User\AppData\Local\Temp\xcAs3ns.\driver_tmp_3.o \
  --defsym=__MPLAB_BUILD=1 --fixupoverflow=error \
  -Mdist/default/debug/final_project.X.debug.map \
  --md=C:\Users\User\AppData\Local\Temp\xcAs3ns.\driver_tmp_0.dat -E1 \
  -ver=XC8 Compiler --acfsm=1493 -ACODE=00h-07DBFh -ACONST=00h-07DBFh \
  -ASMALLCONST=0600h-06FFhx119,07D00h-07DBFh -AMEDIUMCONST=0600h-07DBFh \
  -ACOMRAM=01h-07Fh -AABS1=00h-05F3h -ABIGRAM=01h-05F3h \
  -ARAM=080h-0FFh,0100h-01FFhx4,0500h-05F3h -ABANK0=080h-0FFh \
  -ABANK1=0100h-01FFh -ABANK2=0200h-02FFh -ABANK3=0300h-03FFh \
  -ABANK4=0400h-04FFh -ABANK5=0500h-05F3h \
  -ASFR=0F80h-0F9Bh,0F9Dh-0FD3h,0FD5h-0FDAh,0FE0h-0FE2h,0FE8h-0FEAh,0FF0h-0FFCh \
  -ABIGSFR=0F80h-0F9Bh,0F9Dh-0FD3h,0FD5h-0FDAh,0FE0h-0FE2h,0FE8h-0FEAh,0FF0h-0FFCh \
  -ACONFIG=0300000h-030000Dh -AIDLOC=0200000h-0200007h \
  -AEEDATA=0F00000h-0F000FFh -peeprom_data=EEDATA \
  -preset_vec=00h,intcode=08h,intcodelo,powerup,init -pramtop=0600h \
  -psmallconst=SMALLCONST -pmediumconst=MEDIUMCONST -pconst=CONST \
  -AFARRAM=00h-00h \
  -prdata=COMRAM,nvrram=COMRAM,nvbit=COMRAM,rbss=COMRAM,rbit=COMRAM \
  -pfarbss=FARRAM,fardata=FARRAM,nvFARRAM=FARRAM \
  -pintsave_regs=BIGRAM,bigbss=BIGRAM,bigdata=BIGRAM -pbss=RAM \
  -pidata=CODE,irdata=CODE,ibigdata=CODE,ifardata=CODE -prparam=COMRAM \
  C:\Users\User\AppData\Local\Temp\xcAs3ns.\driver_tmp_14.o \
  dist/default/debug\final_project.X.debug.o 

Object code version is 3.11

Machine type is 18F4520



                Name                               Link     Load   Length Selector   Space Scale
C:\Users\User\AppData\Local\Temp\xcAs3ns.\driver_tmp_14.o
                idloc                            200000   200000        8        0       5
                config                           300000   300000        E        0       4
                init                                  E        E        4        4       0
                reset_vec                             0        0        4        0       0
dist/default/debug\final_project.X.debug.o
                intcode                               8        8        6        4       0
                idloc                            200000   200000        8        0       5
                config                           300000   300000        E        0       4
                temp                                 6A       6A        1        1       1
                smallconst                          600      600       5E      300       0
                text20                              F12      F12       2E      32F       0
                intcode_body                        984      984       CC      32F       0
                text18                              F7E      F7E       18      32F       0
                text17                              E46      E46       36      32F       0
                text16                              F96      F96       12      32F       0
                text15                              DC4      DC4       48      32F       0
                text14                              F66      F66       18      32F       0
                text13                              D24      D24       56      32F       0
                text12                              FA8      FA8        8      32F       0
                text11                              F40      F40       26      32F       0
                text10                              EE4      EE4       2E      32F       0
                text9                               B14      B14       B6      32F       0
                text8                               A50      A50       C4      32F       0
                text7                               BCA      BCA       B0      32F       0
                text6                               EB0      EB0       34      32F       0
                text5                               FB6      FB6        2      32F       0
                text4                               C7A      C7A       AA      32F       0
                text3                               65E      65E      1A8      32F       0
                text2                               E0C      E0C       3A      32F       0
                text1                               E7C      E7C       34      32F       0
                text0                               806      806      17E      32F       0
                cstackCOMRAM                          1        1       36        1       1
                bssBANK0                             80       80       40       80       1
                dataCOMRAM                           64       64        6        1       1
                bssCOMRAM                            37       37       2D        1       1
                cinit                               D7A      D7A       4A      32F       0
                idataCOMRAM                         FB0      FB0        6      32F       0

TOTAL           Name                               Link     Load   Length     Space
        CLASS   CODE           
                intcode                               8        8        6         0
                init                                  E        E        4         0
                reset_vec                             0        0        4         0
                text20                              F12      F12       2E         0
                intcode_body                        984      984       CC         0
                text18                              F7E      F7E       18         0
                text17                              E46      E46       36         0
                text16                              F96      F96       12         0
                text15                              DC4      DC4       48         0
                text14                              F66      F66       18         0
                text13                              D24      D24       56         0
                text12                              FA8      FA8        8         0
                text11                              F40      F40       26         0
                text10                              EE4      EE4       2E         0
                text9                               B14      B14       B6         0
                text8                               A50      A50       C4         0
                text7                               BCA      BCA       B0         0
                text6                               EB0      EB0       34         0
                text5                               FB6      FB6        2         0
                text4                               C7A      C7A       AA         0
                text3                               65E      65E      1A8         0
                text2                               E0C      E0C       3A         0
                text1                               E7C      E7C       34         0
                text0                               806      806      17E         0
                cinit                               D7A      D7A       4A         0
                idataCOMRAM                         FB0      FB0        6         0

        CLASS   CONST          

        CLASS   SMALLCONST     
                smallconst                          600      600       5E         0

        CLASS   MEDIUMCONST    

        CLASS   COMRAM         
                temp                                 6A       6A        1         1
                cstackCOMRAM                          1        1       36         1
                dataCOMRAM                           64       64        6         1
                bssCOMRAM                            37       37       2D         1

        CLASS   ABS1           

        CLASS   BIGRAM         

        CLASS   RAM            

        CLASS   BANK0          
                bssBANK0                             80       80       40         1

        CLASS   BANK1          

        CLASS   BANK2          

        CLASS   BANK3          

        CLASS   BANK4          

        CLASS   BANK5          

        CLASS   SFR            

        CLASS   BIGSFR         

        CLASS   CONFIG         
                config                           300000   300000        E         4

        CLASS   IDLOC          
                idloc                            200000   200000        8         5

        CLASS   EEDATA         

        CLASS   FARRAM         

        CLASS   HEAP           

        CLASS   STACK          



SEGMENTS        Name                           Load    Length   Top    Selector   Space  Class

                reset_vec                      000000  000004  000004         0       0  CODE    
                cstackCOMRAM                   000001  00006A  00006B         1       1  COMRAM  
                intcode                        000008  00000A  000012         4       0  CODE    
                bssBANK0                       000080  000040  0000C0        80       1  BANK0   
                smallconst                     000600  00005E  00065E       300       0  SMALLCON
                text3                          00065E  00095A  000FB8       32F       0  CODE    


UNUSED ADDRESS RANGES

        Name                Unused          Largest block    Delta
        BANK0            0000C0-0000FF               40
        BANK1            000100-0001FF              100
        BANK2            000200-0002FF              100
        BANK3            000300-0003FF              100
        BANK4            000400-0004FF              100
        BANK5            000500-0005F3               F4
        BIGRAM           00006B-00007F               15
                         0000C0-0005F3              534
        BIGSFR           000F80-000F9B               1C
                         000F9D-000FD3               37
                         000FD5-000FDA                6
                         000FE0-000FE2                3
                         000FE8-000FEA                3
                         000FF0-000FFC                D
        CODE             000004-000007                4
                         000012-0005FF              5EE
                         000FB8-007DBF             6E08
        COMRAM           00006B-00007F               15
        CONST            000004-000007                4
                         000012-0005FF              5EE
                         000FB8-007DBF             6E08
        EEDATA           F00000-F000FF              100
        MEDIUMCONST      000FB8-007DBF             6E08
        RAM              0000C0-0005F3              100
        SFR              000F80-000F9B               1C
                         000F9D-000FD3               37
                         000FD5-000FDA                6
                         000FE0-000FE2                3
                         000FE8-000FEA                3
                         000FF0-000FFC                D
        SMALLCONST       000FB8-007DBF              100

                                  Symbol Table

?_ADC_Read                           cstackCOMRAM 000005
?___awdiv                            cstackCOMRAM 000005
?___awmod                            cstackCOMRAM 000005
?___wmul                             cstackCOMRAM 000005
?_abs                                cstackCOMRAM 00000B
?_sprintf                            cstackCOMRAM 00001E
?_vfprintf                           cstackCOMRAM 00001A
ADC_Read@channel                     cstackCOMRAM 000005
UART_Write_Text_NonBlocking@text     cstackCOMRAM 000005
_ADCON0bits                          (abs)        000FC2
_ADCON1                              (abs)        000FC1
_ADCON2bits                          (abs)        000FC0
_ADC_Initialize                      text18       000F7E
_ADC_Read                            text17       000E46
_ADRESH                              (abs)        000FC4
_ADRESL                              (abs)        000FC3
_BAUDCONbits                         (abs)        000FB8
_CCP1CONbits                         (abs)        000FBD
_CCP2CONbits                         (abs)        000FBA
_CCPR1L                              (abs)        000FBE
_CCPR2L                              (abs)        000FBB
_INTCONbits                          (abs)        000FF2
_ISR                                 intcode      000008
_LATC                                (abs)        000F8B
_LATD                                (abs)        000F8C
_LATDbits                            (abs)        000F8C
_OSCCONbits                          (abs)        000FD3
_PIR1bits                            (abs)        000F9E
_PORTBbits                           (abs)        000F81
_PR2                                 (abs)        000FCB
_RCSTAbits                           (abs)        000FAB
_SPBRG                               (abs)        000FAF
_SPBRGH                              (abs)        000FB0
_SYSTEM_Initialize                   text15       000DC4
_T0CONbits                           (abs)        000FD5
_T2CONbits                           (abs)        000FCA
_TMR0H                               (abs)        000FD7
_TMR0L                               (abs)        000FD6
_TRISAbits                           (abs)        000F92
_TRISBbits                           (abs)        000F93
_TRISCbits                           (abs)        000F94
_TRISDbits                           (abs)        000F95
_TRISEbits                           (abs)        000F96
_TXREG                               (abs)        000FAD
_TXSTAbits                           (abs)        000FAC
_Timer0_Initialize                   text16       000F96
_UART_Initialize                     text14       000F66
_UART_Task                           text13       000D24
_UART_Write_Text_NonBlocking         text12       000FA8
__HRAM                               (abs)        000000
__H__absolute__                      __absolute__ 000000
__Habs1                              abs1         000000
__Hbank0                             bank0        000000
__Hbank1                             bank1        000000
__Hbank2                             bank2        000000
__Hbank3                             bank3        000000
__Hbank4                             bank4        000000
__Hbank5                             bank5        000000
__Hbigbss                            bigbss       000000
__Hbigdata                           bigdata      000000
__Hbigram                            bigram       000000
__Hbigsfr                            bigsfr       000000
__Hbss                               bss          000000
__HbssBANK0                          bssBANK0     000000
__HbssCOMRAM                         bssCOMRAM    000000
__Hcinit                             cinit        000000
__Hclrtext                           clrtext      000000
__Hcomram                            comram       000000
__Hconfig                            config       30000E
__Hconst                             const        000000
__HcstackCOMRAM                      cstackCOMRAM 000000
__Hdata                              data         000000
__HdataCOMRAM                        dataCOMRAM   000000
__Heeprom_data                       eeprom_data  000000
__Hfarbss                            farbss       000000
__Hfardata                           fardata      000000
__Hheap                              heap         000000
__Hibigdata                          ibigdata     000000
__Hidata                             idata        000000
__HidataCOMRAM                       idataCOMRAM  000000
__Hidloc                             idloc        200008
__Hifardata                          ifardata     000000
__Hinit                              init         000012
__Hintcode                           intcode      00000E
__Hintcode_body                      intcode_body 000000
__Hintcodelo                         intcodelo    00000E
__Hintentry                          intentry     000000
__Hintret                            intret       000000
__Hintsave_regs                      intsave_regs 000000
__Hirdata                            irdata       000000
__Hmediumconst                       mediumconst  000000
__HnvFARRAM                          nvFARRAM     000000
__Hnvbit                             nvbit        000000
__Hnvrram                            nvrram       000000
__Hparam                             rparam       000000
__Hpowerup                           powerup      00000E
__Hram                               ram          000000
__Hramtop                            ramtop       000600
__Hrbit                              rbit         000000
__Hrbss                              rbss         000000
__Hrdata                             rdata        000000
__Hreset_vec                         reset_vec    000004
__Hrparam                            rparam       000000
__Hsfr                               sfr          000000
__Hsmallconst                        smallconst   00065E
__Hspace_0                           (abs)        000FB8
__Hspace_1                           (abs)        0000C0
__Hspace_2                           (abs)        000000
__Hspace_4                           (abs)        60000E
__Hstack                             stack        000000
__Hstruct                            struct       000000
__Htemp                              temp         00006B
__Htext                              text         000000
__Htext0                             text0        000000
__Htext1                             text1        000000
__Htext10                            text10       000000
__Htext11                            text11       000000
__Htext12                            text12       000000
__Htext13                            text13       000000
__Htext14                            text14       000000
__Htext15                            text15       000000
__Htext16                            text16       000000
__Htext17                            text17       000000
__Htext18                            text18       000000
__Htext2                             text2        000000
__Htext20                            text20       000000
__Htext3                             text3        000000
__Htext4                             text4        000000
__Htext5                             text5        000000
__Htext6                             text6        000000
__Htext7                             text7        000000
__Htext8                             text8        000000
__Htext9                             text9        000000
__LRAM                               (abs)        000001
__L__absolute__                      __absolute__ 000000
__Labs1                              abs1         000000
__Lbank0                             bank0        000000
__Lbank1                             bank1        000000
__Lbank2                             bank2        000000
__Lbank3                             bank3        000000
__Lbank4                             bank4        000000
__Lbank5                             bank5        000000
__Lbigbss                            bigbss       000000
__Lbigdata                           bigdata      000000
__Lbigram                            bigram       000000
__Lbigsfr                            bigsfr       000000
__Lbss                               bss          000000
__LbssBANK0                          bssBANK0     000000
__LbssCOMRAM                         bssCOMRAM    000000
__Lcinit                             cinit        000000
__Lclrtext                           clrtext      000000
__Lcomram                            comram       000000
__Lconfig                            config       000000
__Lconst                             const        000000
__LcstackCOMRAM                      cstackCOMRAM 000000
__Ldata                              data         000000
__LdataCOMRAM                        dataCOMRAM   000000
__Leeprom_data                       eeprom_data  000000
__Lfarbss                            farbss       000000
__Lfardata                           fardata      000000
__Lheap                              heap         000000
__Libigdata                          ibigdata     000000
__Lidata                             idata        000000
__LidataCOMRAM                       idataCOMRAM  000000
__Lidloc                             idloc        000000
__Lifardata                          ifardata     000000
__Linit                              init         00000E
__Lintcode                           intcode      000008
__Lintcode_body                      intcode_body 000000
__Lintcodelo                         intcodelo    00000E
__Lintentry                          intentry     000000
__Lintret                            intret       000000
__Lintsave_regs                      intsave_regs 000000
__Lirdata                            irdata       000000
__Lmediumconst                       mediumconst  000000
__LnvFARRAM                          nvFARRAM     000000
__Lnvbit                             nvbit        000000
__Lnvrram                            nvrram       000000
__Lparam                             rparam       000000
__Lpowerup                           powerup      00000E
__Lram                               ram          000000
__Lramtop                            ramtop       000600
__Lrbit                              rbit         000000
__Lrbss                              rbss         000000
__Lrdata                             rdata        000000
__Lreset_vec                         reset_vec    000000
__Lrparam                            rparam       000000
__Lsfr                               sfr          000000
__Lsmallconst                        smallconst   000600
__Lspace_0                           (abs)        000000
__Lspace_1                           (abs)        000000
__Lspace_2                           (abs)        000000
__Lspace_4                           (abs)        000000
__Lstack                             stack        000000
__Lstruct                            struct       000000
__Ltemp                              temp         00006A
__Ltext                              text         000000
__Ltext0                             text0        000000
__Ltext1                             text1        000000
__Ltext10                            text10       000000
__Ltext11                            text11       000000
__Ltext12                            text12       000000
__Ltext13                            text13       000000
__Ltext14                            text14       000000
__Ltext15                            text15       000000
__Ltext16                            text16       000000
__Ltext17                            text17       000000
__Ltext18                            text18       000000
__Ltext2                             text2        000000
__Ltext20                            text20       000000
__Ltext3                             text3        000000
__Ltext4                             text4        000000
__Ltext5                             text5        000000
__Ltext6                             text6        000000
__Ltext7                             text7        000000
__Ltext8                             text8        000000
__Ltext9                             text9        000000
__S0                                 (abs)        000FB8
__S1                                 (abs)        0000C0
__S4                                 (abs)        000000
__S5                                 (abs)        000000
___awdiv                             text8        000A50
___awdiv@counter                     cstackCOMRAM 000009
___awdiv@dividend                    cstackCOMRAM 000005
___awdiv@divisor                     cstackCOMRAM 000007
___awdiv@quotient                    cstackCOMRAM 00000B
___awdiv@sign                        cstackCOMRAM 00000A
___awmod                             text7        000BCA
___awmod@counter                     cstackCOMRAM 000009
___awmod@dividend                    cstackCOMRAM 000005
___awmod@divisor                     cstackCOMRAM 000007
___awmod@sign                        cstackCOMRAM 00000A
___heap_hi                           (abs)        000000
___heap_lo                           (abs)        000000
___inthi_sp                          stack        000000
___inthi_stack_hi                    stack        000000
___inthi_stack_lo                    stack        000000
___intlo_sp                          stack        000000
___intlo_stack_hi                    stack        000000
___intlo_stack_lo                    stack        000000
___param_bank                        (abs)        000000
___rparam_used                       (abs)        000001
___sp                                stack        000000
___stack_hi                          stack        000000
___stack_lo                          stack        000000
___wmul                              text11       000F40
___wmul@multiplicand                 cstackCOMRAM 000007
___wmul@multiplier                   cstackCOMRAM 000005
___wmul@product                      cstackCOMRAM 000009
__accesstop                          (abs)        000080
__activetblptr                       (abs)        000001
__end_of_ADC_Initialize              text18       000F96
__end_of_ADC_Read                    text17       000E7C
__end_of_ISR                         intcode_body 000A50
__end_of_SYSTEM_Initialize           text15       000E0C
__end_of_Timer0_Initialize           text16       000FA8
__end_of_UART_Initialize             text14       000F7E
__end_of_UART_Task                   text13       000D7A
__end_of_UART_Write_Text_NonBlocking text12       000FB0
__end_of___awdiv                     text8        000B14
__end_of___awmod                     text7        000C7A
__end_of___wmul                      text11       000F66
__end_of__initialization             cinit        000DB2
__end_of_abs                         text6        000EE4
__end_of_fputc                       text4        000D24
__end_of_main                        text0        000984
__end_of_putch                       text5        000FB8
__end_of_setServo1Position           text10       000F12
__end_of_setServo2Position           text9        000BCA
__end_of_sprintf                     text1        000EB0
__end_of_vfpfcnvrt                   text3        000806
__end_of_vfprintf                    text2        000E46
__end_ofi2_setServo1Position         text20       000F40
__initialization                     cinit        000D7A
__mediumconst                        mediumconst  000000
__pbssBANK0                          bssBANK0     000080
__pbssCOMRAM                         bssCOMRAM    000037
__pcinit                             cinit        000D7A
__pcstackCOMRAM                      cstackCOMRAM 000001
__pdataCOMRAM                        dataCOMRAM   000064
__pidataCOMRAM                       idataCOMRAM  000FB0
__pintcode                           intcode      000008
__pintcode_body                      intcode_body 000984
__psmallconst                        smallconst   000600
__ptext0                             text0        000806
__ptext1                             text1        000E7C
__ptext10                            text10       000EE4
__ptext11                            text11       000F40
__ptext12                            text12       000FA8
__ptext13                            text13       000D24
__ptext14                            text14       000F66
__ptext15                            text15       000DC4
__ptext16                            text16       000F96
__ptext17                            text17       000E46
__ptext18                            text18       000F7E
__ptext2                             text2        000E0C
__ptext20                            text20       000F12
__ptext3                             text3        00065E
__ptext4                             text4        000C7A
__ptext5                             text5        000FB6
__ptext6                             text6        000EB0
__ptext7                             text7        000BCA
__ptext8                             text8        000A50
__ptext9                             text9        000B14
__ramtop                             ramtop       000600
__smallconst                         smallconst   000600
_abs                                 text6        000EB0
_count_msg                           bssCOMRAM    000061
_curr                                dataCOMRAM   000068
_dbuf                                bssCOMRAM    000037
_dir                                 dataCOMRAM   000066
_fire_condition                      bssCOMRAM    00005D
_flags                               bssCOMRAM    000063
_fputc                               text4        000C7A
_main                                text0        000806
_prec                                bssCOMRAM    000059
_putch                               text5        000FB6
_run                                 dataCOMRAM   000064
_send_msg                            bssCOMRAM    00005F
_setServo1Position                   text10       000EE4
_setServo2Position                   text9        000B14
_sprintf                             text1        000E7C
_tx_ptr                              bssCOMRAM    00005B
_vfpfcnvrt                           text3        00065E
_vfprintf                            text2        000E0C
_width                               bssCOMRAM    000057
abs@a                                cstackCOMRAM 00000B
btemp                                temp         00006A
end_of_initialization                cinit        000DB2
fputc@c                              cstackCOMRAM 000005
fputc@fp                             cstackCOMRAM 000007
i2_setServo1Position                 text20       000F12
i2setServo1Position@dutyCycle        cstackCOMRAM 000001
int$flags                            temp         00006A
int_func                             intcode_body 000984
intlevel0                            text         000000
intlevel1                            text         000000
intlevel2                            text         000000
intlevel3                            text         000000
isa$std                              (abs)        000001
isa$xinst                            (abs)        000000
main@adc_raw                         cstackCOMRAM 000035
main@angle_deg                       cstackCOMRAM 000031
main@flame_intensity                 cstackCOMRAM 000033
main@json_buf                        bssBANK0     000080
setServo1Position@dutyCycle          cstackCOMRAM 000005
setServo2Position@dutyCycle          cstackCOMRAM 000005
sprintf@ap                           cstackCOMRAM 000024
sprintf@f                            cstackCOMRAM 000025
sprintf@fmt                          cstackCOMRAM 00001F
sprintf@s                            cstackCOMRAM 00001E
stackhi                              (abs)        000000
stacklo                              (abs)        000000
start                                init         00000E
start_initialization                 cinit        000D7A
ttemp5                               temp         00006B
ttemp6                               temp         00006E
ttemp7                               temp         000072
vfpfcnvrt@ap                         cstackCOMRAM 000011
vfpfcnvrt@c                          cstackCOMRAM 000019
vfpfcnvrt@convarg                    cstackCOMRAM 000015
vfpfcnvrt@cp                         cstackCOMRAM 000014
vfpfcnvrt@done                       cstackCOMRAM 000013
vfpfcnvrt@fmt                        cstackCOMRAM 000010
vfpfcnvrt@fp                         cstackCOMRAM 00000F
vfprintf@ap                          cstackCOMRAM 00001C
vfprintf@cfmt                        cstackCOMRAM 00001D
vfprintf@fmt                         cstackCOMRAM 00001B
vfprintf@fp                          cstackCOMRAM 00001A
wtemp8                               temp         00006B


MODULE INFORMATION

Module		Function		Class		Link	Load	Size
servo.c
		_setServo1Position		CODE           	0EE4	0000	46
		_setServo2Position		CODE           	0B14	0000	182

servo.c estimated size: 228

C:\Program Files\Microchip\xc8\v2.45\pic\sources\c99\common\Umul16.c
		___wmul        		CODE           	0F40	0000	38

C:\Program Files\Microchip\xc8\v2.45\pic\sources\c99\common\Umul16.c estimated size: 38

uart.c
		_UART_Task     		CODE           	0D24	0000	86
		_UART_Write_Text_NonBlocking		CODE           	0FA8	0000	8
		_UART_Initialize		CODE           	0F66	0000	24

uart.c estimated size: 118

setting.c
		_Timer0_Initialize		CODE           	0F96	0000	18
		_SYSTEM_Initialize		CODE           	0DC4	0000	72

setting.c estimated size: 90

adc.c
		_ADC_Initialize		CODE           	0F7E	0000	24
		_ADC_Read      		CODE           	0E46	0000	54

adc.c estimated size: 78

C:\Program Files\Microchip\xc8\v2.45\pic\sources\c99\common\nf_sprintf.c
		_sprintf       		CODE           	0E7C	0000	52

C:\Program Files\Microchip\xc8\v2.45\pic\sources\c99\common\nf_sprintf.c estimated size: 52

C:\Program Files\Microchip\xc8\v2.45\pic\sources\c99\common\awmod.c
		___awmod       		CODE           	0BCA	0000	176

C:\Program Files\Microchip\xc8\v2.45\pic\sources\c99\common\awmod.c estimated size: 176

C:\Program Files\Microchip\xc8\v2.45\pic\sources\c99\common\putch.c
		_putch         		CODE           	0FB6	0000	2

C:\Program Files\Microchip\xc8\v2.45\pic\sources\c99\common\putch.c estimated size: 2

shared
		__initialization		CODE           	0D7A	0000	56
		i2_setServo1Position		CODE           	0F12	0000	46

shared estimated size: 102

C:\Program Files\Microchip\xc8\v2.45\pic\sources\c99\common\abs.c
		_abs           		CODE           	0EB0	0000	52

C:\Program Files\Microchip\xc8\v2.45\pic\sources\c99\common\abs.c estimated size: 52

main.c
		_ISR           		CODE           	0008	0000	210
		_main          		CODE           	0806	0000	382

main.c estimated size: 592

C:\Program Files\Microchip\xc8\v2.45\pic\sources\c99\common\nf_fputc.c
		_fputc         		CODE           	0C7A	0000	170

C:\Program Files\Microchip\xc8\v2.45\pic\sources\c99\common\nf_fputc.c estimated size: 170

C:\Program Files\Microchip\xc8\v2.45\pic\sources\c99\common\doprnt.c
		_vfpfcnvrt     		CODE           	065E	0000	424
		_vfprintf      		CODE           	0E0C	0000	58

C:\Program Files\Microchip\xc8\v2.45\pic\sources\c99\common\doprnt.c estimated size: 482

C:\Program Files\Microchip\xc8\v2.45\pic\sources\c99\common\awdiv.c
		___awdiv       		CODE           	0A50	0000	196

C:\Program Files\Microchip\xc8\v2.45\pic\sources\c99\common\awdiv.c estimated size: 196

